
> onebook-web@0.1.0 build
> cross-env NEXT_DISABLE_TURBOPACK=1 next build [in C:\Users\cyx\.gemini\antigravity\scratch\oriental-consciousness-exp\onebook-web]

node.exe : "next [in" does not exist. Did you mean "next lint"?
所在位置 C:\Program Files\nodejs\npm.ps1:29 字符: 3
+   & $NODE_EXE $NPM_CLI_JS $args
+   ~~~~~~~~~~~~~~~~~~~~~~~~~~~~~
    + CategoryInfo          : NotSpecified: ("next [in" does...an "next lint"?:String) [], RemoteException
    + FullyQualifiedErrorId : NativeCommandError
 
